build-resource-fallback-hidden
swift-driver version: 1.148.6 environment
cli
cli
cli
cli
cli
cli
cli
cli
cli
cli
cli
cli
cli
cli
cli
cli
cli
cli
cli
cli
cli
cli
cli
cli
cli
cli
cli
cli
cli
cli
cli
cli
cli
cli
cli
clone-readback-regression-passed
cli
cli
target-paused-after-pending
apple-event-timeout-reply
cli
target-resumed
cli
recovery-inventory
cli
cli
cli
restart-started
fixture-snapshot
process-exited
fixture-snapshot
restart
cli
recovery-inventory
cli
cli
cli
cli
cli
cli
cli
cli
cli
cli
case-passed
cli
cli
target-paused-after-pending
apple-event-timeout-reply
cli
target-resumed
cli
recovery-inventory
cli
cli
cli
restart-started
fixture-snapshot
process-exited
fixture-snapshot
restart
cli
recovery-inventory
cli
cli
cli
cli
cli
cli
cli
cli
cli
cli
cli
cli
case-passed
cli
cli
cli
corrected-lens-fixture-pending
cli
target-paused-after-pending
apple-event-timeout-reply
cli
target-resumed
cli
recovery-inventory
cli
cli
cli
restart-started
fixture-snapshot
process-exited
fixture-snapshot
restart
cli
recovery-inventory
cli
cli
cli
cli
cli
cli
cli
cli
cli
corrected-lens-fixture-pending
cli
cli
cli
cli
cli
case-passed
cli
cli
cli
corrected-lens-fixture-pending
cli
target-paused-after-pending
apple-event-timeout-reply
failed
cleanup
Traceback (most recent call last):
  File "/Users/kiri11/projects/c1cmd/Tests/recovery_integration_test.py", line 505, in <module>
    run.run()
    ~~~~~~~^^
  File "/Users/kiri11/projects/c1cmd/Tests/recovery_integration_test.py", line 470, in run
    self.apple_event_timeout(geometry=True, perspective=True)
    ~~~~~~~~~~~~~~~~~~~~~~~~^^^^^^^^^^^^^^^^^^^^^^^^^^^^^^^^^
  File "/Users/kiri11/projects/c1cmd/Tests/recovery_integration_test.py", line 349, in apple_event_timeout
    assert self.child.returncode != 0
           ^^^^^^^^^^^^^^^^^^^^^^^^^^
AssertionError
real 520.11
user 17.15
sys 7.26
