2026-09-17 11:54:54.336 saveSessionToURL: Background saving done (saveSessionToURL).
2026-09-17 11:54:54.391 saveSessionToURL: Background saving done (saveSessionToURL).
2026-09-17 11:55:55.511 saveSessionToURL: Background saving done (saveSessionToURL).
2026-09-17 11:58:09.248 saveSessionToURL: Background saving done (saveSessionToURL).
2026-09-17 11:58:13.472 User Force Quit, attempting to quit silently ...
2026-09-17 11:58:13.478 Initiating CamerasManager shutdown procedure
2026-09-17 11:58:13.478 Activity threads finished shutdown
2026-09-17 11:58:13.487 *** Initiating Capture One Termination Procedure ***
2026-09-17 11:58:13.529 *** ENDED ***
2026-09-17 11:58:14.002 Previous run termination was Normal
2026-09-17 12:00:43.986 saveSessionToURL: Background saving done (saveSessionToURL).
2026-09-17 12:00:48.738 User Force Quit, attempting to quit silently ...
2026-09-17 12:00:48.745 Initiating CamerasManager shutdown procedure
2026-09-17 12:00:48.745 Activity threads finished shutdown
2026-09-17 12:00:51.939 *** ENDED ***
2026-09-17 12:00:52.571 Previous run termination was Abnormal
2026-09-17 12:01:31.522 saveSessionToURL: Background saving done (saveSessionToURL).
2026-09-17 12:01:32.269 User Force Quit, attempting to quit silently ...
2026-09-17 12:01:32.275 Initiating CamerasManager shutdown procedure
2026-09-17 12:01:32.530 Activity threads finished shutdown
2026-09-17 12:01:35.455 *** ENDED ***
2026-09-17 12:01:35.949 Previous run termination was Abnormal
2026-09-17 12:02:11.976 saveSessionToURL: Background saving done (saveSessionToURL).
2026-09-17 12:02:12.762 User Force Quit, attempting to quit silently ...
2026-09-17 12:02:12.769 Initiating CamerasManager shutdown procedure
2026-09-17 12:02:12.975 Activity threads finished shutdown
2026-09-17 12:02:15.943 *** ENDED ***
2026-09-17 12:02:16.426 Previous run termination was Abnormal
2026-09-17 12:02:41.384 saveSessionToURL: Background saving done (saveSessionToURL).
