swift run CaptureOneCoreTests
[0/1] Planning build
Building for debugging...
[0/3] Write swift-version--1AB21518FC5DEDBE.txt
[1/4] Copying Handlers.applescript
Build of product 'CaptureOneCoreTests' complete! (0.57s)
=== Starting CaptureOneCore Unit Test Suite ===
Running FieldSpecTests...
Running StateHashTests...
Running WorkingReferenceTests...
Running ProvenanceStoreTests...
Running OperationJournalTests...
Running LockTests...
Running ResetTests...
Running DiffTests...
Running DumpTests...
Running CatalogGuardTests...
Running VersionCompatibilityTests...
Running ReleaseSafetyTests...

=== Test Results ===
Total Assertions : 331
Passed           : 331
Failed           : 0
SUCCESS: All unit tests passed!
