[1/22] Application properties...
[2/22] Element counting...
[3/22] Element properties...
[4/22] Access forms...
[5/22] Sub-element exploration...
[6/22] Every-element retrieval...
[7/22] Whose clause filtering...
[8/22] Exists event...
[9/22] Type validation...
[10/22] Range access...
[11/22] Inherited properties...
[12/22] Error handling...
[13/22] Set property...
[14/22] Properties record...
[15/22] Whose clause operators...
[16/22] Numeric whose operators...
[17/22] Make/delete round-trip...
[18/22] Ordinal access...
[19/22] Command testing...
[20/22] Batch property retrieval...
[21/22] Set round-trip...
[22/22] Enumeration values...
Done. 56 events sent.
