2026-09-16 22:04:11.560 Initiating CamerasManager shutdown procedure
2026-09-16 22:04:11.560 Terminating capture service
2026-09-16 22:04:11.560 Activity threads finished shutdown
2026-09-16 22:04:11.562 -[CaptureCoreService stopAndTerminateService:]_block_invoke_2: calling terminate
2026-09-16 22:04:11.568 -[CaptureCoreService stopAndTerminateService:]_block_invoke_2: terminated
2026-09-16 22:05:58.924 User Force Quit, attempting to quit silently ...
2026-09-16 22:05:58.937 *** Initiating Capture One Termination Procedure ***
2026-09-16 22:05:59.336 *** ENDED ***
2026-09-16 22:05:59.959 Previous run termination was Normal
2026-09-16 22:07:51.054 saveSessionToURL: Background saving done (saveSessionToURL).
2026-09-16 22:07:51.117 saveSessionToURL: Background saving done (saveSessionToURL).
2026-09-16 22:08:03.317 saveSessionToURL: Background saving done (saveSessionToURL).
2026-09-16 22:08:04.106 Initiating CamerasManager shutdown procedure
2026-09-16 22:08:04.106 Terminating capture service
2026-09-16 22:08:04.108 -[CaptureCoreService stopAndTerminateService:]_block_invoke_2: calling terminate
2026-09-16 22:08:04.112 -[CaptureCoreService stopAndTerminateService:]_block_invoke_2: terminated
2026-09-16 22:08:04.321 Activity threads finished shutdown
2026-09-16 22:09:04.316 User Force Quit, attempting to quit silently ...
2026-09-16 22:09:04.346 *** Initiating Capture One Termination Procedure ***
2026-09-16 22:09:04.554 *** ENDED ***
2026-09-16 22:09:05.087 Previous run termination was Normal
2026-09-16 22:09:05.415 saveSessionToURL: Background saving done (saveSessionToURL).
2026-09-16 22:09:05.492 saveSessionToURL: Background saving done (saveSessionToURL).
2026-09-16 22:09:17.897 saveSessionToURL: Background saving done (saveSessionToURL).
2026-09-16 22:09:18.685 Initiating CamerasManager shutdown procedure
2026-09-16 22:09:18.685 Terminating capture service
2026-09-16 22:09:18.686 -[CaptureCoreService stopAndTerminateService:]_block_invoke_2: calling terminate
2026-09-16 22:09:18.689 -[CaptureCoreService stopAndTerminateService:]_block_invoke_2: terminated
2026-09-16 22:09:18.895 Activity threads finished shutdown
2026-09-16 22:10:15.741 User Force Quit, attempting to quit silently ...
2026-09-16 22:10:15.746 *** Initiating Capture One Termination Procedure ***
2026-09-16 22:10:15.995 *** ENDED ***
2026-09-16 22:10:16.632 Previous run termination was Normal
2026-09-16 22:10:16.932 saveSessionToURL: Background saving done (saveSessionToURL).
2026-09-16 22:10:17.018 saveSessionToURL: Background saving done (saveSessionToURL).
2026-09-16 22:10:29.492 saveSessionToURL: Background saving done (saveSessionToURL).
2026-09-16 22:10:30.156 User Force Quit, attempting to quit silently ...
2026-09-16 22:10:30.161 Initiating CamerasManager shutdown procedure
2026-09-16 22:10:30.161 Terminating capture service
2026-09-16 22:10:30.162 -[CaptureCoreService stopAndTerminateService:]_block_invoke_2: calling terminate
2026-09-16 22:10:30.163 -[CaptureCoreService stopAndTerminateService:]_block_invoke_2: terminated
2026-09-16 22:10:30.492 Activity threads finished shutdown
2026-09-16 22:10:33.349 *** ENDED ***
2026-09-16 22:10:33.857 Previous run termination was Abnormal
2026-09-16 22:10:48.394 saveSessionToURL: Background saving done (saveSessionToURL).
2026-09-16 22:10:49.012 User Force Quit, attempting to quit silently ...
2026-09-16 22:10:49.018 Initiating CamerasManager shutdown procedure
2026-09-16 22:10:49.018 Terminating capture service
2026-09-16 22:10:49.018 -[CaptureCoreService stopAndTerminateService:]_block_invoke_2: calling terminate
2026-09-16 22:10:49.020 -[CaptureCoreService stopAndTerminateService:]_block_invoke_2: terminated
2026-09-16 22:10:49.397 Activity threads finished shutdown
2026-09-16 22:10:52.185 *** ENDED ***
2026-09-16 22:10:52.666 Previous run termination was Abnormal
2026-09-16 22:11:26.260 saveSessionToURL: Background saving done (saveSessionToURL).
2026-09-16 22:11:26.274 saveSessionToURL: Background saving done (saveSessionToURL).
2026-09-16 22:11:38.037 saveSessionToURL: Background saving done (saveSessionToURL).
2026-09-16 22:11:38.683 User Force Quit, attempting to quit silently ...
2026-09-16 22:11:38.688 Initiating CamerasManager shutdown procedure
2026-09-16 22:11:38.688 Terminating capture service
2026-09-16 22:11:38.689 -[CaptureCoreService stopAndTerminateService:]_block_invoke_2: calling terminate
2026-09-16 22:11:38.691 -[CaptureCoreService stopAndTerminateService:]_block_invoke_2: terminated
2026-09-16 22:11:39.041 Activity threads finished shutdown
2026-09-16 22:11:41.871 *** ENDED ***
2026-09-16 22:11:42.390 Previous run termination was Abnormal
2026-09-16 22:11:57.335 saveSessionToURL: Background saving done (saveSessionToURL).
2026-09-16 22:11:57.954 User Force Quit, attempting to quit silently ...
2026-09-16 22:11:57.959 Initiating CamerasManager shutdown procedure
2026-09-16 22:11:57.959 Terminating capture service
2026-09-16 22:11:57.959 -[CaptureCoreService stopAndTerminateService:]_block_invoke_2: calling terminate
2026-09-16 22:11:57.961 -[CaptureCoreService stopAndTerminateService:]_block_invoke_2: terminated
2026-09-16 22:11:58.335 Activity threads finished shutdown
2026-09-16 22:12:01.152 *** ENDED ***
2026-09-16 22:12:01.620 Previous run termination was Abnormal
2026-09-16 22:12:08.951 Corrupted image at rowID 2 with no path. Returning dummy path: /Users/kiri11/Pictures/fixture.CR3
2026-09-16 22:12:08.984 Corrupted image at rowID 2 with no path. Returning dummy path: /Users/kiri11/Pictures/fixture.CR3
2026-09-16 22:12:08.984 Corrupted image at rowID 2 with no path. Returning dummy path: /Users/kiri11/Pictures/fixture.CR3
2026-09-16 22:12:08.984 Corrupted image at rowID 2 with no path. Returning dummy path: /Users/kiri11/Pictures/fixture.CR3
2026-09-16 22:12:08.984 Corrupted image at rowID 2 with no path. Returning dummy path: /Users/kiri11/Pictures/fixture.CR3
2026-09-16 22:12:08.984 Corrupted image at rowID 2 with no path. Returning dummy path: /Users/kiri11/Pictures/fixture.CR3
2026-09-16 22:12:08.984 Corrupted image at rowID 2 with no path. Returning dummy path: /Users/kiri11/Pictures/fixture.CR3
2026-09-16 22:12:08.985 Corrupted image at rowID 2 with no path. Returning dummy path: /Users/kiri11/Pictures/fixture.CR3
2026-09-16 22:12:08.985 Corrupted image at rowID 2 with no path. Returning dummy path: /Users/kiri11/Pictures/fixture.CR3
2026-09-16 22:12:08.985 Corrupted image at rowID 2 with no path. Returning dummy path: /Users/kiri11/Pictures/fixture.CR3
2026-09-16 22:12:08.985 Corrupted image at rowID 2 with no path. Returning dummy path: /Users/kiri11/Pictures/fixture.CR3
2026-09-16 22:12:08.985 Corrupted image at rowID 2 with no path. Returning dummy path: /Users/kiri11/Pictures/fixture.CR3
2026-09-16 22:12:08.985 Corrupted image at rowID 2 with no path. Returning dummy path: /Users/kiri11/Pictures/fixture.CR3
2026-09-16 22:12:08.985 Corrupted image at rowID 2 with no path. Returning dummy path: /Users/kiri11/Pictures/fixture.CR3
2026-09-16 22:12:08.985 Corrupted image at rowID 2 with no path. Returning dummy path: /Users/kiri11/Pictures/fixture.CR3
2026-09-16 22:12:08.985 Corrupted image at rowID 2 with no path. Returning dummy path: /Users/kiri11/Pictures/fixture.CR3
2026-09-16 22:12:08.985 Corrupted image at rowID 2 with no path. Returning dummy path: /Users/kiri11/Pictures/fixture.CR3
2026-09-16 22:12:08.985 Corrupted image at rowID 2 with no path. Returning dummy path: /Users/kiri11/Pictures/fixture.CR3
2026-09-16 22:12:08.985 Corrupted image at rowID 2 with no path. Returning dummy path: /Users/kiri11/Pictures/fixture.CR3
2026-09-16 22:12:08.985 Corrupted image at rowID 2 with no path. Returning dummy path: /Users/kiri11/Pictures/fixture.CR3
2026-09-16 22:12:08.985 Corrupted image at rowID 2 with no path. Returning dummy path: /Users/kiri11/Pictures/fixture.CR3
2026-09-16 22:12:08.985 Corrupted image at rowID 2 with no path. Returning dummy path: /Users/kiri11/Pictures/fixture.CR3
2026-09-16 22:12:08.985 Corrupted image at rowID 2 with no path. Returning dummy path: /Users/kiri11/Pictures/fixture.CR3
2026-09-16 22:12:08.985 Corrupted image at rowID 2 with no path. Returning dummy path: /Users/kiri11/Pictures/fixture.CR3
2026-09-16 22:12:08.985 Corrupted image at rowID 2 with no path. Returning dummy path: /Users/kiri11/Pictures/fixture.CR3
2026-09-16 22:12:08.985 Corrupted image at rowID 2 with no path. Returning dummy path: /Users/kiri11/Pictures/fixture.CR3
2026-09-16 22:12:08.985 Corrupted image at rowID 2 with no path. Returning dummy path: /Users/kiri11/Pictures/fixture.CR3
2026-09-16 22:12:08.985 Corrupted image at rowID 2 with no path. Returning dummy path: /Users/kiri11/Pictures/fixture.CR3
2026-09-16 22:12:08.985 Corrupted image at rowID 2 with no path. Returning dummy path: /Users/kiri11/Pictures/fixture.CR3
2026-09-16 22:12:08.985 Corrupted image at rowID 2 with no path. Returning dummy path: /Users/kiri11/Pictures/fixture.CR3
2026-09-16 22:12:08.986 Warning: About to load variant properties for a variant that isn't alive (id 3)
2026-09-16 22:12:08.987 Warning: About to load variant properties for a variant that isn't alive (id 4)
2026-09-16 22:12:17.300 saveSessionToURL: Background saving done (saveSessionToURL).
2026-09-16 22:12:17.943 User Force Quit, attempting to quit silently ...
2026-09-16 22:12:17.948 Initiating CamerasManager shutdown procedure
2026-09-16 22:12:17.948 Terminating capture service
2026-09-16 22:12:17.949 -[CaptureCoreService stopAndTerminateService:]_block_invoke_2: calling terminate
2026-09-16 22:12:17.951 -[CaptureCoreService stopAndTerminateService:]_block_invoke_2: terminated
2026-09-16 22:12:18.287 Activity threads finished shutdown
2026-09-16 22:12:21.139 *** ENDED ***
2026-09-16 22:12:21.603 Previous run termination was Abnormal
2026-09-16 22:12:28.150 Warning: About to load variant properties for a variant that isn't alive (id 7)
2026-09-16 22:12:28.151 Warning: About to load variant properties for a variant that isn't alive (id 8)
2026-09-16 22:12:33.111 saveSessionToURL: Background saving done (saveSessionToURL).
2026-09-16 22:13:47.935 saveSessionToURL: Background saving done (saveSessionToURL).
2026-09-16 22:13:47.969 saveSessionToURL: Background saving done (saveSessionToURL).
2026-09-16 22:13:59.609 saveSessionToURL: Background saving done (saveSessionToURL).
2026-09-16 22:14:00.220 User Force Quit, attempting to quit silently ...
2026-09-16 22:14:00.225 Initiating CamerasManager shutdown procedure
2026-09-16 22:14:00.225 Terminating capture service
2026-09-16 22:14:00.225 -[CaptureCoreService stopAndTerminateService:]_block_invoke_2: calling terminate
2026-09-16 22:14:00.227 -[CaptureCoreService stopAndTerminateService:]_block_invoke_2: terminated
2026-09-16 22:14:00.615 Activity threads finished shutdown
2026-09-16 22:14:03.415 *** ENDED ***
2026-09-16 22:14:03.904 Previous run termination was Abnormal
2026-09-16 22:14:31.996 saveSessionToURL: Background saving done (saveSessionToURL).
2026-09-16 22:14:32.620 User Force Quit, attempting to quit silently ...
2026-09-16 22:14:32.626 Initiating CamerasManager shutdown procedure
2026-09-16 22:14:32.626 Terminating capture service
2026-09-16 22:14:32.627 -[CaptureCoreService stopAndTerminateService:]_block_invoke_2: calling terminate
2026-09-16 22:14:32.629 -[CaptureCoreService stopAndTerminateService:]_block_invoke_2: terminated
2026-09-16 22:14:32.986 Activity threads finished shutdown
2026-09-16 22:14:35.811 *** ENDED ***
2026-09-16 22:14:36.318 Previous run termination was Abnormal
2026-09-16 22:14:43.016 Warning: About to load variant properties for a variant that isn't alive (id 3)
2026-09-16 22:14:43.017 Warning: About to load variant properties for a variant that isn't alive (id 4)
2026-09-16 22:14:44.319 Warning: About to load variant properties for a variant that isn't alive (id 5)
2026-09-16 22:14:44.320 Warning: About to load variant properties for a variant that isn't alive (id 6)
2026-09-16 22:14:54.007 saveSessionToURL: Background saving done (saveSessionToURL).
2026-09-16 22:14:54.640 User Force Quit, attempting to quit silently ...
2026-09-16 22:14:54.645 Initiating CamerasManager shutdown procedure
2026-09-16 22:14:54.645 Terminating capture service
2026-09-16 22:14:54.646 -[CaptureCoreService stopAndTerminateService:]_block_invoke_2: calling terminate
2026-09-16 22:14:54.648 -[CaptureCoreService stopAndTerminateService:]_block_invoke_2: terminated
2026-09-16 22:14:54.987 Activity threads finished shutdown
2026-09-16 22:14:57.837 *** ENDED ***
2026-09-16 22:14:58.314 Previous run termination was Abnormal
2026-09-16 22:15:05.190 Warning: About to load variant properties for a variant that isn't alive (id 11)
2026-09-16 22:15:05.191 Warning: About to load variant properties for a variant that isn't alive (id 12)
2026-09-16 22:15:05.192 Warning: About to load variant properties for a variant that isn't alive (id 13)
2026-09-16 22:15:05.194 Warning: About to load variant properties for a variant that isn't alive (id 14)
2026-09-16 22:15:11.398 saveSessionToURL: Background saving done (saveSessionToURL).
2026-09-16 22:16:06.484 saveSessionToURL: Background saving done (saveSessionToURL).
2026-09-16 22:16:06.522 saveSessionToURL: Background saving done (saveSessionToURL).
2026-09-16 22:16:18.283 saveSessionToURL: Background saving done (saveSessionToURL).
2026-09-16 22:16:18.921 User Force Quit, attempting to quit silently ...
2026-09-16 22:16:18.926 Initiating CamerasManager shutdown procedure
2026-09-16 22:16:18.926 Terminating capture service
2026-09-16 22:16:18.927 -[CaptureCoreService stopAndTerminateService:]_block_invoke_2: calling terminate
2026-09-16 22:16:18.929 -[CaptureCoreService stopAndTerminateService:]_block_invoke_2: terminated
2026-09-16 22:16:19.283 Activity threads finished shutdown
2026-09-16 22:16:22.100 *** ENDED ***
2026-09-16 22:16:22.588 Previous run termination was Abnormal
2026-09-16 22:16:59.595 saveSessionToURL: Background saving done (saveSessionToURL).
2026-09-16 22:17:00.240 User Force Quit, attempting to quit silently ...
2026-09-16 22:17:00.246 Initiating CamerasManager shutdown procedure
2026-09-16 22:17:00.246 Terminating capture service
2026-09-16 22:17:00.247 -[CaptureCoreService stopAndTerminateService:]_block_invoke_2: calling terminate
2026-09-16 22:17:00.249 -[CaptureCoreService stopAndTerminateService:]_block_invoke_2: terminated
2026-09-16 22:17:00.593 Activity threads finished shutdown
2026-09-16 22:17:03.440 *** ENDED ***
2026-09-16 22:17:03.936 Previous run termination was Abnormal
2026-09-16 22:17:10.799 Warning: About to load variant properties for a variant that isn't alive (id 3)
2026-09-16 22:17:10.800 Warning: About to load variant properties for a variant that isn't alive (id 4)
2026-09-16 22:17:12.062 Warning: About to load variant properties for a variant that isn't alive (id 5)
2026-09-16 22:17:12.063 Warning: About to load variant properties for a variant that isn't alive (id 6)
2026-09-16 22:17:21.743 saveSessionToURL: Background saving done (saveSessionToURL).
2026-09-16 22:17:22.350 User Force Quit, attempting to quit silently ...
2026-09-16 22:17:22.356 Initiating CamerasManager shutdown procedure
2026-09-16 22:17:22.356 Terminating capture service
2026-09-16 22:17:22.357 -[CaptureCoreService stopAndTerminateService:]_block_invoke_2: calling terminate
2026-09-16 22:17:22.358 -[CaptureCoreService stopAndTerminateService:]_block_invoke_2: terminated
2026-09-16 22:17:22.716 Activity threads finished shutdown
2026-09-16 22:17:25.533 *** ENDED ***
2026-09-16 22:17:26.049 Previous run termination was Abnormal
2026-09-16 22:17:32.838 Warning: About to load variant properties for a variant that isn't alive (id 12)
2026-09-16 22:17:32.839 Warning: About to load variant properties for a variant that isn't alive (id 13)
2026-09-16 22:17:32.840 Warning: About to load variant properties for a variant that isn't alive (id 14)
2026-09-16 22:17:32.842 Warning: About to load variant properties for a variant that isn't alive (id 15)
2026-09-16 22:17:39.061 saveSessionToURL: Background saving done (saveSessionToURL).
2026-09-16 22:18:41.002 saveSessionToURL: Background saving done (saveSessionToURL).
2026-09-16 22:18:41.036 saveSessionToURL: Background saving done (saveSessionToURL).
2026-09-16 22:18:52.575 saveSessionToURL: Background saving done (saveSessionToURL).
2026-09-16 22:18:53.200 User Force Quit, attempting to quit silently ...
2026-09-16 22:18:53.206 Initiating CamerasManager shutdown procedure
2026-09-16 22:18:53.206 Terminating capture service
2026-09-16 22:18:53.207 -[CaptureCoreService stopAndTerminateService:]_block_invoke_2: calling terminate
2026-09-16 22:18:53.208 -[CaptureCoreService stopAndTerminateService:]_block_invoke_2: terminated
2026-09-16 22:18:53.580 Activity threads finished shutdown
2026-09-16 22:18:56.391 *** ENDED ***
2026-09-16 22:18:56.993 Previous run termination was Abnormal
2026-09-16 22:19:34.153 saveSessionToURL: Background saving done (saveSessionToURL).
2026-09-16 22:19:34.788 User Force Quit, attempting to quit silently ...
2026-09-16 22:19:34.794 Initiating CamerasManager shutdown procedure
2026-09-16 22:19:34.794 Terminating capture service
2026-09-16 22:19:34.795 -[CaptureCoreService stopAndTerminateService:]_block_invoke_2: calling terminate
2026-09-16 22:19:34.797 -[CaptureCoreService stopAndTerminateService:]_block_invoke_2: terminated
2026-09-16 22:19:35.149 Activity threads finished shutdown
2026-09-16 22:19:37.984 *** ENDED ***
2026-09-16 22:19:38.569 Previous run termination was Abnormal
2026-09-16 22:19:46.897 Warning: About to load variant properties for a variant that isn't alive (id 3)
2026-09-16 22:19:46.899 Warning: About to load variant properties for a variant that isn't alive (id 4)
2026-09-16 22:19:56.580 saveSessionToURL: Background saving done (saveSessionToURL).
2026-09-16 22:19:57.198 User Force Quit, attempting to quit silently ...
2026-09-16 22:19:57.204 Initiating CamerasManager shutdown procedure
2026-09-16 22:19:57.204 Terminating capture service
2026-09-16 22:19:57.205 -[CaptureCoreService stopAndTerminateService:]_block_invoke_2: calling terminate
2026-09-16 22:19:57.206 -[CaptureCoreService stopAndTerminateService:]_block_invoke_2: terminated
2026-09-16 22:19:57.569 Activity threads finished shutdown
2026-09-16 22:20:00.392 *** ENDED ***
2026-09-16 22:20:00.869 Previous run termination was Abnormal
2026-09-16 22:20:07.425 Warning: About to load variant properties for a variant that isn't alive (id 13)
2026-09-16 22:20:13.611 saveSessionToURL: Background saving done (saveSessionToURL).
2026-09-16 22:21:03.581 Initiating CamerasManager shutdown procedure
2026-09-16 22:21:03.581 Terminating capture service
2026-09-16 22:21:03.581 Activity threads finished shutdown
2026-09-16 22:21:03.582 -[CaptureCoreService stopAndTerminateService:]_block_invoke_2: calling terminate
2026-09-16 22:21:03.591 -[CaptureCoreService stopAndTerminateService:]_block_invoke_2: terminated
2026-09-16 22:21:40.896 User Force Quit, attempting to quit silently ...
2026-09-16 22:21:40.916 *** Initiating Capture One Termination Procedure ***
2026-09-16 22:21:41.238 *** ENDED ***
2026-09-16 22:21:41.742 Previous run termination was Normal
2026-09-16 22:21:42.043 saveSessionToURL: Background saving done (saveSessionToURL).
2026-09-16 22:21:42.128 saveSessionToURL: Background saving done (saveSessionToURL).
2026-09-16 22:21:54.665 saveSessionToURL: Background saving done (saveSessionToURL).
2026-09-16 22:21:55.315 User Force Quit, attempting to quit silently ...
2026-09-16 22:21:55.320 Initiating CamerasManager shutdown procedure
2026-09-16 22:21:55.320 Terminating capture service
2026-09-16 22:21:55.320 -[CaptureCoreService stopAndTerminateService:]_block_invoke_2: calling terminate
2026-09-16 22:21:55.322 -[CaptureCoreService stopAndTerminateService:]_block_invoke_2: terminated
2026-09-16 22:21:55.672 Activity threads finished shutdown
2026-09-16 22:21:58.507 *** ENDED ***
2026-09-16 22:21:59.018 Previous run termination was Abnormal
2026-09-16 22:22:34.677 saveSessionToURL: Background saving done (saveSessionToURL).
2026-09-16 22:22:35.292 User Force Quit, attempting to quit silently ...
2026-09-16 22:22:35.298 Initiating CamerasManager shutdown procedure
2026-09-16 22:22:35.298 Terminating capture service
2026-09-16 22:22:35.299 -[CaptureCoreService stopAndTerminateService:]_block_invoke_2: calling terminate
2026-09-16 22:22:35.301 -[CaptureCoreService stopAndTerminateService:]_block_invoke_2: terminated
2026-09-16 22:22:35.684 Activity threads finished shutdown
2026-09-16 22:22:38.491 *** ENDED ***
2026-09-16 22:22:39.047 Previous run termination was Abnormal
2026-09-16 22:22:56.806 saveSessionToURL: Background saving done (saveSessionToURL).
2026-09-16 22:22:57.428 User Force Quit, attempting to quit silently ...
2026-09-16 22:22:57.434 Initiating CamerasManager shutdown procedure
2026-09-16 22:22:57.434 Terminating capture service
2026-09-16 22:22:57.435 -[CaptureCoreService stopAndTerminateService:]_block_invoke_2: calling terminate
2026-09-16 22:22:57.437 -[CaptureCoreService stopAndTerminateService:]_block_invoke_2: terminated
2026-09-16 22:22:57.811 Activity threads finished shutdown
2026-09-16 22:23:00.632 *** ENDED ***
2026-09-16 22:23:01.096 Previous run termination was Abnormal
2026-09-16 22:23:14.054 saveSessionToURL: Background saving done (saveSessionToURL).
